
> walkea@0.0.0 start
> ng serve --port 4300 --host 0.0.0.0

[1m[33m
Warning: This is a simple server for use in testing or debugging Angular applications
locally. It hasn't been reviewed for security issues.

Binding this server to an open connection can result in compromising your application or
computer. Using a different host than the one passed to the "--host" flag might result in
websocket connection issues.
    [39m[22m
[33m>[39m Building...
[32m√[39m Building...
[1mInitial chunk files[22m[2m | [22m[1mNames[22m        [2m | [22m [1mRaw size[22m
[32mmain.js[39m            [2m | [22m[2mmain[22m         [2m | [22m[36m128.14 kB[39m[2m | [22m
[32mstyles.css[39m         [2m | [22m[2mstyles[22m       [2m | [22m [36m13.56 kB[39m[2m | [22m
[32mpolyfills.js[39m       [2m | [22m[2mpolyfills[22m    [2m | [22m [36m95 bytes[39m[2m | [22m

[1m [22m                  [2m | [22m[1mInitial total[22m[2m | [22m[1m141.79 kB[22m

Application bundle generation complete. [2.408 seconds] - 2026-04-08T14:14:05.140Z

[1m[33m[33m▲ [43;33m[[43;30mWARNING[43;33m][0m [1mNG8113: RouterLink is not used within the template of MisReportes[0m [1m[35m[plugin angular-compiler][0m

    src/app/components/mis-reportes/mis-reportes.ts:8:25:
[37m      8 │   imports: [CommonModule,[32mRouterLink[37m,RouterLinkActive],
        ╵                          [32m~~~~~~~~~~[0m


[33m▲ [43;33m[[43;30mWARNING[43;33m][0m [1mNG8113: RouterLinkActive is not used within the template of MisReportes[0m [1m[35m[plugin angular-compiler][0m

    src/app/components/mis-reportes/mis-reportes.ts:8:36:
[37m      8 │   imports: [CommonModule,RouterLink,[32mRouterLinkActive[37m],
        ╵                                     [32m~~~~~~~~~~~~~~~~[0m


[33m▲ [43;33m[[43;30mWARNING[43;33m][0m [1mNG8113: All imports are unused[0m [1m[35m[plugin angular-compiler][0m

    src/app/mapa/mapa.ts:10:2:
[37m      10 │   [32mimports[37m: [RouterLink],
         ╵   [32m~~~~~~~[0m

[39m[22m
Watch mode enabled. Watching for file changes...
NOTE: Raw file sizes do not reflect development server per-request transformations.
[2m16:14:05[22m [36m[1m[vite][22m[39m [90m[2m(client)[22m[39m Re-optimizing dependencies because lockfile has changed
[2m16:14:05[22m [36m[1m[vite][22m[39m [34m[2m(ssr)[22m[39m Re-optimizing dependencies because lockfile has changed
  [32m➜[39m  [1mLocal[22m:   [36mhttp://localhost:[1m4300[22m/[39m
  [32m➜[39m  [1mNetwork[22m: [36mhttp://172.20.224.1:[1m4300[22m/[39m
  [32m➜[39m  [1mNetwork[22m: [36mhttp://10.6.8.230:[1m4300[22m/[39m
  [32m➜[39m  [1mNetwork[22m: [36mhttp://192.168.33.1:[1m4300[22m/[39m
  [32m➜[39m  [1mNetwork[22m: [36mhttp://192.168.95.1:[1m4300[22m/[39m
[2m[32m  ➜[39m[22m[2m  press [22m[1mh + enter[22m[2m to show help[22m
